Inventory:
Cocoa,10
Cocoa,10
Cocoa,10
Cocoa,10
Cocoa,10
Cocoa,10
Cocoa,10
Cocoa,10
Cocoa,10
Cocoa,10
Cocoa,10
Coffee,10
Coffee,10
Coffee,10
Coffee,10
Coffee,10
Coffee,10
Coffee,10
Coffee,10
Coffee,10
Coffee,10
Coffee,10
Cream,10
Cream,10
Cream,10
Cream,10
Cream,10
Cream,10
Cream,10
Cream,10
Cream,10
Cream,10
Cream,10
Decaf Coffee,10
Decaf Coffee,10
Decaf Coffee,10
Decaf Coffee,10
Decaf Coffee,10
Decaf Coffee,10
Decaf Coffee,10
Decaf Coffee,10
Decaf Coffee,10
Decaf Coffee,10
Decaf Coffee,10
Espresso,1
Espresso,1
Espresso,4
Espresso,7
Espresso,10
Espresso,10
Espresso,10
Espresso,10
Espresso,10
Espresso,10
Espresso,10
Foamed Milk,10
Foamed Milk,10
Foamed Milk,10
Foamed Milk,10
Foamed Milk,10
Foamed Milk,10
Foamed Milk,10
Foamed Milk,10
Foamed Milk,10
Foamed Milk,10
Foamed Milk,10
Steamed Milk,10
Steamed Milk,10
Steamed Milk,10
Steamed Milk,10
Steamed Milk,10
Steamed Milk,10
Steamed Milk,10
Steamed Milk,10
Steamed Milk,10
Steamed Milk,10
Steamed Milk,10
Sugar,10
Sugar,10
Sugar,10
Sugar,10
Sugar,10
Sugar,10
Sugar,10
Sugar,10
Sugar,10
Sugar,10
Sugar,10
Whipped Cream,10
Whipped Cream,10
Whipped Cream,10
Whipped Cream,10
Whipped Cream,10
Whipped Cream,10
Whipped Cream,10
Whipped Cream,10
Whipped Cream,10
Whipped Cream,10
Whipped Cream,10

Menu:
1,Caffe Americano,$36.30,false
2,Caffe Americano,$36.30,false
3,Caffe Americano,$36.30,false
4,Caffe Americano,$36.30,false
5,Caffe Americano,$36.30,false
6,Caffe Americano,$36.30,false
7,Caffe Americano,$36.30,false
8,Caffe Americano,$36.30,false
9,Caffe Americano,$36.30,false
10,Caffe Americano,$36.30,false
11,Caffe Americano,$36.30,false
12,Caffe Latte,$28.05,false
13,Caffe Latte,$28.05,false
14,Caffe Latte,$28.05,false
15,Caffe Latte,$28.05,false
16,Caffe Latte,$28.05,false
17,Caffe Latte,$28.05,false
18,Caffe Latte,$28.05,false
19,Caffe Latte,$28.05,false
20,Caffe Latte,$28.05,false
21,Caffe Latte,$28.05,false
22,Caffe Latte,$28.05,false
23,Caffe Mocha,$36.85,true
24,Caffe Mocha,$36.85,true
25,Caffe Mocha,$36.85,true
26,Caffe Mocha,$36.85,true
27,Caffe Mocha,$36.85,true
28,Caffe Mocha,$36.85,true
29,Caffe Mocha,$36.85,true
30,Caffe Mocha,$36.85,true
31,Caffe Mocha,$36.85,true
32,Caffe Mocha,$36.85,true
33,Caffe Mocha,$36.85,true
34,Cappuccino,$31.90,false
35,Cappuccino,$31.90,false
36,Cappuccino,$31.90,false
37,Cappuccino,$31.90,false
38,Cappuccino,$31.90,false
39,Cappuccino,$31.90,false
40,Cappuccino,$31.90,false
41,Cappuccino,$31.90,false
42,Cappuccino,$31.90,false
43,Cappuccino,$31.90,false
44,Cappuccino,$31.90,false
45,Coffee,$30.25,true
46,Coffee,$30.25,true
47,Coffee,$30.25,true
48,Coffee,$30.25,true
49,Coffee,$30.25,true
50,Coffee,$30.25,true
51,Coffee,$30.25,true
52,Coffee,$30.25,true
53,Coffee,$30.25,true
54,Coffee,$30.25,true
55,Coffee,$30.25,true
56,Decaf Coffee,$30.25,true
57,Decaf Coffee,$30.25,true
58,Decaf Coffee,$30.25,true
59,Decaf Coffee,$30.25,true
60,Decaf Coffee,$30.25,true
61,Decaf Coffee,$30.25,true
62,Decaf Coffee,$30.25,true
63,Decaf Coffee,$30.25,true
64,Decaf Coffee,$30.25,true
65,Decaf Coffee,$30.25,true
66,Decaf Coffee,$30.25,true

Your selection: 
