Inventory:
Cocoa,10
Cocoa,10
Coffee,10
Coffee,10
Cream,10
Cream,10
Decaf Coffee,10
Decaf Coffee,10
Espresso,10
Espresso,10
Foamed Milk,10
Foamed Milk,10
Steamed Milk,10
Steamed Milk,10
Sugar,10
Sugar,10
Whipped Cream,10
Whipped Cream,10

Menu:
1,Caffe Americano,$6.60,true
2,Caffe Americano,$6.60,true
3,Caffe Latte,$5.10,true
4,Caffe Latte,$5.10,true
5,Caffe Mocha,$6.70,true
6,Caffe Mocha,$6.70,true
7,Cappuccino,$5.80,true
8,Cappuccino,$5.80,true
9,Coffee,$5.50,true
10,Coffee,$5.50,true
11,Decaf Coffee,$5.50,true
12,Decaf Coffee,$5.50,true

Your selection: Dispensing: Caffe Americano

Inventory:
Cocoa,10
Cocoa,10
Coffee,10
Coffee,10
Cream,10
Cream,10
Decaf Coffee,10
Decaf Coffee,10
Espresso,7
Espresso,7
Foamed Milk,10
Foamed Milk,10
Steamed Milk,10
Steamed Milk,10
Sugar,10
Sugar,10
Whipped Cream,10
Whipped Cream,10

Menu:
1,Caffe Americano,$6.60,true
2,Caffe Americano,$6.60,true
3,Caffe Latte,$5.10,true
4,Caffe Latte,$5.10,true
5,Caffe Mocha,$6.70,true
6,Caffe Mocha,$6.70,true
7,Cappuccino,$5.80,true
8,Cappuccino,$5.80,true
9,Coffee,$5.50,true
10,Coffee,$5.50,true
11,Decaf Coffee,$5.50,true
12,Decaf Coffee,$5.50,true

Your selection: Inventory:
Cocoa,10
Cocoa,10
Cocoa,10
Coffee,10
Coffee,10
Coffee,10
Cream,10
Cream,10
Cream,10
Decaf Coffee,10
Decaf Coffee,10
Decaf Coffee,10
Espresso,7
Espresso,7
Espresso,10
Foamed Milk,10
Foamed Milk,10
Foamed Milk,10
Steamed Milk,10
Steamed Milk,10
Steamed Milk,10
Sugar,10
Sugar,10
Sugar,10
Whipped Cream,10
Whipped Cream,10
Whipped Cream,10

Menu:
1,Caffe Americano,$9.90,true
2,Caffe Americano,$9.90,true
3,Caffe Americano,$9.90,true
4,Caffe Latte,$7.65,true
5,Caffe Latte,$7.65,true
6,Caffe Latte,$7.65,true
7,Caffe Mocha,$10.05,true
8,Caffe Mocha,$10.05,true
9,Caffe Mocha,$10.05,true
10,Cappuccino,$8.70,true
11,Cappuccino,$8.70,true
12,Cappuccino,$8.70,true
13,Coffee,$8.25,true
14,Coffee,$8.25,true
15,Coffee,$8.25,true
16,Decaf Coffee,$8.25,true
17,Decaf Coffee,$8.25,true
18,Decaf Coffee,$8.25,true

Your selection: Dispensing: Caffe Americano

Inventory:
Cocoa,10
Cocoa,10
Cocoa,10
Coffee,10
Coffee,10
Coffee,10
Cream,10
Cream,10
Cream,10
Decaf Coffee,10
Decaf Coffee,10
Decaf Coffee,10
Espresso,4
Espresso,4
Espresso,7
Foamed Milk,10
Foamed Milk,10
Foamed Milk,10
Steamed Milk,10
Steamed Milk,10
Steamed Milk,10
Sugar,10
Sugar,10
Sugar,10
Whipped Cream,10
Whipped Cream,10
Whipped Cream,10

Menu:
1,Caffe Americano,$9.90,true
2,Caffe Americano,$9.90,true
3,Caffe Americano,$9.90,true
4,Caffe Latte,$7.65,true
5,Caffe Latte,$7.65,true
6,Caffe Latte,$7.65,true
7,Caffe Mocha,$10.05,true
8,Caffe Mocha,$10.05,true
9,Caffe Mocha,$10.05,true
10,Cappuccino,$8.70,true
11,Cappuccino,$8.70,true
12,Cappuccino,$8.70,true
13,Coffee,$8.25,true
14,Coffee,$8.25,true
15,Coffee,$8.25,true
16,Decaf Coffee,$8.25,true
17,Decaf Coffee,$8.25,true
18,Decaf Coffee,$8.25,true

Your selection: Inventory:
Cocoa,10
Cocoa,10
Cocoa,10
Cocoa,10
Coffee,10
Coffee,10
Coffee,10
Coffee,10
Cream,10
Cream,10
Cream,10
Cream,10
Decaf Coffee,10
Decaf Coffee,10
Decaf Coffee,10
Decaf Coffee,10
Espresso,4
Espresso,4
Espresso,7
Espresso,10
Foamed Milk,10
Foamed Milk,10
Foamed Milk,10
Foamed Milk,10
Steamed Milk,10
Steamed Milk,10
Steamed Milk,10
Steamed Milk,10
Sugar,10
Sugar,10
Sugar,10
Sugar,10
Whipped Cream,10
Whipped Cream,10
Whipped Cream,10
Whipped Cream,10

Menu:
1,Caffe Americano,$13.20,true
2,Caffe Americano,$13.20,true
3,Caffe Americano,$13.20,true
4,Caffe Americano,$13.20,true
5,Caffe Latte,$10.20,true
6,Caffe Latte,$10.20,true
7,Caffe Latte,$10.20,true
8,Caffe Latte,$10.20,true
9,Caffe Mocha,$13.40,true
10,Caffe Mocha,$13.40,true
11,Caffe Mocha,$13.40,true
12,Caffe Mocha,$13.40,true
13,Cappuccino,$11.60,true
14,Cappuccino,$11.60,true
15,Cappuccino,$11.60,true
16,Cappuccino,$11.60,true
17,Coffee,$11.00,true
18,Coffee,$11.00,true
19,Coffee,$11.00,true
20,Coffee,$11.00,true
21,Decaf Coffee,$11.00,true
22,Decaf Coffee,$11.00,true
23,Decaf Coffee,$11.00,true
24,Decaf Coffee,$11.00,true

Your selection: Dispensing: Caffe Americano

Inventory:
Cocoa,10
Cocoa,10
Cocoa,10
Cocoa,10
Coffee,10
Coffee,10
Coffee,10
Coffee,10
Cream,10
Cream,10
Cream,10
Cream,10
Decaf Coffee,10
Decaf Coffee,10
Decaf Coffee,10
Decaf Coffee,10
Espresso,1
Espresso,1
Espresso,4
Espresso,7
Foamed Milk,10
Foamed Milk,10
Foamed Milk,10
Foamed Milk,10
Steamed Milk,10
Steamed Milk,10
Steamed Milk,10
Steamed Milk,10
Sugar,10
Sugar,10
Sugar,10
Sugar,10
Whipped Cream,10
Whipped Cream,10
Whipped Cream,10
Whipped Cream,10

Menu:
1,Caffe Americano,$13.20,false
2,Caffe Americano,$13.20,false
3,Caffe Americano,$13.20,false
4,Caffe Americano,$13.20,false
5,Caffe Latte,$10.20,false
6,Caffe Latte,$10.20,false
7,Caffe Latte,$10.20,false
8,Caffe Latte,$10.20,false
9,Caffe Mocha,$13.40,true
10,Caffe Mocha,$13.40,true
11,Caffe Mocha,$13.40,true
12,Caffe Mocha,$13.40,true
13,Cappuccino,$11.60,false
14,Cappuccino,$11.60,false
15,Cappuccino,$11.60,false
16,Cappuccino,$11.60,false
17,Coffee,$11.00,true
18,Coffee,$11.00,true
19,Coffee,$11.00,true
20,Coffee,$11.00,true
21,Decaf Coffee,$11.00,true
22,Decaf Coffee,$11.00,true
23,Decaf Coffee,$11.00,true
24,Decaf Coffee,$11.00,true

Your selection: 
