Expenses Thu Jan 01 08:00:00 CST 1970
Meal expenses: 0
Total expenses: 0
